
poornima.jiglur@HVTNDAL0853 MINGW64 ~/Desktop/my_project_1
$ git init
Initialized empty Git repository in C:/Users/Poornima/Desktop/my_project_1/.git/

poornima.jiglur@HVTNDAL0853 MINGW64 ~/Desktop/my_project_1 (master)
$ git config user.name "poornima"

poornima.jiglur@HVTNDAL0853 MINGW64 ~/Desktop/my_project_1 (master)
$ git config user.email "jiglurpoornima@gmail.com"

poornima.jiglur@HVTNDAL0853 MINGW64 ~/Desktop/my_project_1 (master)
$ ls
Demo.java.txt  readme.txt

poornima.jiglur@HVTNDAL0853 MINGW64 ~/Desktop/my_project_1 (master)
$ ls

poornima.jiglur@HVTNDAL0853 MINGW64 ~/Desktop/my_project_1 (master)
$ touch Demo.java

poornima.jiglur@HVTNDAL0853 MINGW64 ~/Desktop/my_project_1 (master)
$ ls
Demo.java

poornima.jiglur@HVTNDAL0853 MINGW64 ~/Desktop/my_project_1 (master)
$ touch test.java

poornima.jiglur@HVTNDAL0853 MINGW64 ~/Desktop/my_project_1 (master)
$ ls
Demo.java  test.java

poornima.jiglur@HVTNDAL0853 MINGW64 ~/Desktop/my_project_1 (master)
$ touch login.java

poornima.jiglur@HVTNDAL0853 MINGW64 ~/Desktop/my_project_1 (master)
$ ls
Demo.java  login.java  test.java

poornima.jiglur@HVTNDAL0853 MINGW64 ~/Desktop/my_project_1 (master)
$ git add login.java

poornima.jiglur@HVTNDAL0853 MINGW64 ~/Desktop/my_project_1 (master)
$ git status
On branch master

No commits yet

Changes to be committed:
  (use "git rm --cached <file>..." to unstage)
        new file:   login.java

Untracked files:
  (use "git add <file>..." to include in what will be committed)
        Demo.java
        test.java


poornima.jiglur@HVTNDAL0853 MINGW64 ~/Desktop/my_project_1 (master)
$ git commit -m "Added login java file"
[master (root-commit) ac32a4d] Added login java file
 1 file changed, 0 insertions(+), 0 deletions(-)
 create mode 100644 login.java

poornima.jiglur@HVTNDAL0853 MINGW64 ~/Desktop/my_project_1 (master)
$ git status
On branch master
Untracked files:
  (use "git add <file>..." to include in what will be committed)
        Demo.java
        test.java

nothing added to commit but untracked files present (use "git add" to track)

poornima.jiglur@HVTNDAL0853 MINGW64 ~/Desktop/my_project_1 (master)
$
